backend/service.ts(480,74): error TS1005: ')' expected.
